com\greytip\cougar\asca\loader\mapping\FieldMapping.class
com\greytip\cougar\asca\task\HistoryCleanupTask$2.class
com\greytip\cougar\asca\utils\ApplicationServerUtils$6$1.class
com\greytip\cougar\asca\exception\client\ResourceNotFoundException.class
com\greytip\cougar\asca\utils\ApplicationServerUtils$1.class
com\greytip\cougar\asca\exception\repository\RepositoryInitializationException.class
com\greytip\cougar\asca\model\Configuration.class
com\greytip\cougar\asca\utils\ApplicationServerUtils.class
com\greytip\cougar\asca\exception\loader\MappingNotFoundException.class
com\greytip\cougar\asca\exception\repository\RepositoryConfigurationException.class
com\greytip\cougar\asca\web\core\navigation\Navigation.class
com\greytip\cougar\asca\exception\client\ResourceLockedException.class
com\greytip\cougar\asca\exception\client\OperationNotAllowedException.class
com\greytip\cougar\asca\utils\RemoteRepository.class
com\greytip\cougar\asca\task\CommandsFetcherTask.class
com\greytip\cougar\asca\exception\conversion\BindExceptionConverter.class
com\greytip\cougar\asca\utils\ApplicationServerUtils$4.class
com\greytip\cougar\asca\web\core\ExceptionResolver.class
com\greytip\cougar\asca\web\view\Redirect.class
com\greytip\cougar\asca\jackson\AESDeserializer.class
com\greytip\cougar\asca\exception\client\AccessDeniedException.class
com\greytip\cougar\asca\core\Constants.class
com\greytip\cougar\asca\jackson\AESSerializer.class
com\greytip\cougar\asca\utils\ApplicationServerUtils$7.class
com\greytip\cougar\asca\exception\loader\NoSuitableReaderFoundException.class
com\greytip\cougar\asca\exception\misc\ConfigurationException.class
com\greytip\cougar\asca\exception\ExceptionMetadata.class
com\greytip\cougar\asca\web\controller\AuthenticationForm.class
com\greytip\cougar\asca\utils\ApplicationServerUtils$2$1.class
com\greytip\cougar\asca\LinuxMain.class
com\greytip\cougar\asca\loader\mapping\MappingInfo.class
com\greytip\cougar\asca\config\AppConfig.class
com\greytip\cougar\asca\utils\ApplicationServerUtils$AuthenticatedCallback.class
com\greytip\cougar\asca\task\UpdateCheckerTask$1$1.class
com\greytip\cougar\asca\loader\mapping\DateTimeTransformer.class
com\greytip\cougar\asca\dao\AscaDaoImpl.class
com\greytip\cougar\asca\jackson\ObjectMapper.class
com\greytip\cougar\asca\utils\ApplicationServerUtils$5$1.class
com\greytip\cougar\asca\config\AscaEnvironment.class
com\greytip\cougar\asca\task\LongSweeperTask$1.class
com\greytip\cougar\asca\model\HttpProxy.class
com\greytip\cougar\asca\web\RequestUtils$MessageType.class
com\greytip\cougar\asca\web\controller\LoginController.class
com\greytip\cougar\asca\exception\server\ServerException.class
com\greytip\cougar\asca\task\LongSweeperTask.class
com\greytip\cougar\asca\service\impl\AscaManagerImpl$1.class
com\greytip\cougar\asca\loader\impl\AbstractSwipeLoader.class
com\greytip\cougar\asca\exception\client\ClientException.class
com\greytip\cougar\asca\utils\ApplicationServerUtils$2.class
com\greytip\cougar\asca\exception\GreytipException.class
com\greytip\cougar\asca\exception\web\NetProxyAuthenticationException.class
com\greytip\cougar\asca\misc\LockProvider$LockCallback.class
com\greytip\cougar\asca\exception\annotation\ExceptionMetadata.class
com\greytip\cougar\asca\WebAppMain.class
com\greytip\cougar\asca\web\view\JSONView.class
com\greytip\cougar\asca\model\CursorInfo.class
com\greytip\cougar\asca\exception\RuntimeException.class
com\greytip\cougar\asca\utils\ApplicationServerUtils$9.class
com\greytip\cougar\asca\loader\impl\AbstractSwipeLoader$1.class
com\greytip\cougar\asca\web\filter\LoginFilter.class
com\greytip\cougar\asca\utils\ApplicationServerUtils$3.class
com\greytip\cougar\asca\exception\repository\RepositoryNotInitializedException.class
com\greytip\cougar\asca\utils\WinRegistryUtils.class
com\greytip\cougar\asca\exception\server\OperationNotImplementedException.class
com\greytip\cougar\asca\loader\Context.class
com\greytip\cougar\asca\core\Constants$LongSweeper.class
com\greytip\cougar\asca\loader\mapping\InOutTransformer.class
com\greytip\cougar\asca\exception\Constants.class
com\greytip\cougar\asca\utils\ApplicationServerUtils$ServerCredentials.class
com\greytip\cougar\asca\loader\impl\MappingSwipeLoader.class
com\greytip\cougar\asca\service\impl\SyncCommandExecutor$1.class
com\greytip\cougar\asca\web\controller\HomeController.class
com\greytip\cougar\asca\exception\loader\LoaderException.class
com\greytip\cougar\asca\utils\ApplicationServerUtils$8.class
com\greytip\cougar\asca\config\MvcConfig.class
com\greytip\cougar\asca\web\core\navigation\ContainerNode.class
com\greytip\cougar\asca\exception\client\InvalidInputException.class
com\greytip\cougar\asca\loader\Result$State.class
com\greytip\cougar\asca\web\HttpHeader.class
com\greytip\cougar\asca\misc\LockProvider.class
com\greytip\cougar\asca\web\controller\LoaderSetupController.class
com\greytip\cougar\asca\task\UpdateCheckerTask$1.class
com\greytip\cougar\asca\utils\WinRegistryUtils$StreamReader.class
com\greytip\cougar\asca\web\core\navigation\NavType.class
com\greytip\cougar\asca\loader\Result.class
com\greytip\cougar\asca\loader\mapping\Field.class
com\greytip\cougar\asca\web\controller\SettingController.class
com\greytip\cougar\asca\utils\ApplicationServerUtils$5.class
com\greytip\cougar\asca\exception\loader\SwipeFolderNotFoundException.class
com\greytip\cougar\asca\task\HistoryCleanupTask$1.class
com\greytip\cougar\asca\loader\impl\MappingSwipeLoader$1.class
com\greytip\cougar\asca\service\AscaManager.class
com\greytip\cougar\asca\task\UpdateCheckerTask.class
com\greytip\cougar\asca\web\core\navigation\CirularNavigationException.class
com\greytip\cougar\asca\loader\mapping\writer\BackSweepCSVWriter.class
com\greytip\cougar\asca\task\HistoryCleanupTask.class
com\greytip\cougar\asca\task\SwipeCollectorTask$2.class
com\greytip\cougar\asca\exception\loader\LoaderNotFoundException.class
com\greytip\cougar\asca\loader\mapping\AscaCSVWriter.class
com\greytip\cougar\asca\TestSeries.class
com\greytip\cougar\asca\utils\DatabaseUtils.class
com\greytip\cougar\asca\service\impl\AscaManagerImpl.class
com\greytip\cougar\asca\task\SwipeCollectorTask$1.class
com\greytip\cougar\asca\web\core\navigation\annotation\Navigation.class
com\greytip\cougar\asca\utils\ApplicationServerUtils$6.class
com\greytip\cougar\asca\config\NavigationConfig.class
com\greytip\cougar\asca\web\RequestUtils.class
com\greytip\cougar\asca\exception\conversion\CustomExceptionConverter.class
com\greytip\cougar\asca\service\CommandExecutor.class
com\greytip\cougar\asca\exception\RequestProcessingException.class
com\greytip\cougar\asca\dao\AscaDao.class
com\greytip\cougar\asca\exception\conversion\DefaultExceptionConverter.class
com\greytip\cougar\asca\exception\server\InternalServerException.class
com\greytip\cougar\asca\utils\Utils.class
com\greytip\cougar\asca\model\Swipe.class
com\greytip\cougar\asca\datapipeline\jdbc\JdbcReader.class
com\greytip\cougar\asca\loader\mapping\InOutMapping.class
com\greytip\cougar\asca\jackson\JacksonUtils.class
com\greytip\cougar\asca\exception\repository\RepositoryCommandException.class
com\greytip\cougar\asca\web\core\navigation\Spacer.class
com\greytip\cougar\asca\exception\Exception.class
com\greytip\cougar\asca\exception\loader\IncorrectMappingException.class
com\greytip\cougar\asca\web\core\navigation\Navigation$NavEntry.class
com\greytip\cougar\asca\service\impl\SyncCommandExecutor.class
com\greytip\cougar\asca\loader\SwipeLoader.class
com\greytip\cougar\asca\task\SwipeCollectorTask.class
com\greytip\cougar\asca\web\view\JSONExceptionView.class
com\greytip\cougar\asca\utils\AESUtils.class
com\greytip\cougar\asca\web\core\navigation\NavigationNode.class
