E:\greytHR-Astra\com.greytip.cougar.asca\com.greytip.cougar.asca\src\main\java\com\greytip\cougar\asca\exception\repository\RepositoryConfigurationException.java
E:\greytHR-Astra\com.greytip.cougar.asca\com.greytip.cougar.asca\src\main\java\com\greytip\cougar\asca\web\controller\HomeController.java
E:\greytHR-Astra\com.greytip.cougar.asca\com.greytip.cougar.asca\src\main\java\com\greytip\cougar\asca\exception\server\OperationNotImplementedException.java
E:\greytHR-Astra\com.greytip.cougar.asca\com.greytip.cougar.asca\src\main\java\com\greytip\cougar\asca\web\core\navigation\Navigation.java
E:\greytHR-Astra\com.greytip.cougar.asca\com.greytip.cougar.asca\src\main\java\com\greytip\cougar\asca\exception\client\ClientException.java
E:\greytHR-Astra\com.greytip.cougar.asca\com.greytip.cougar.asca\src\main\java\com\greytip\cougar\asca\jackson\ObjectMapper.java
E:\greytHR-Astra\com.greytip.cougar.asca\com.greytip.cougar.asca\src\main\java\com\greytip\cougar\asca\web\controller\AuthenticationForm.java
E:\greytHR-Astra\com.greytip.cougar.asca\com.greytip.cougar.asca\src\main\java\com\greytip\cougar\asca\web\core\navigation\Spacer.java
E:\greytHR-Astra\com.greytip.cougar.asca\com.greytip.cougar.asca\src\main\java\com\greytip\cougar\asca\jackson\AESSerializer.java
E:\greytHR-Astra\com.greytip.cougar.asca\com.greytip.cougar.asca\src\main\java\com\greytip\cougar\asca\loader\mapping\writer\BackSweepCSVWriter.java
E:\greytHR-Astra\com.greytip.cougar.asca\com.greytip.cougar.asca\src\main\java\com\greytip\cougar\asca\service\impl\AscaManagerImpl.java
E:\greytHR-Astra\com.greytip.cougar.asca\com.greytip.cougar.asca\src\main\java\com\greytip\cougar\asca\exception\server\ServerException.java
E:\greytHR-Astra\com.greytip.cougar.asca\com.greytip.cougar.asca\src\main\java\com\greytip\cougar\asca\exception\loader\LoaderNotFoundException.java
E:\greytHR-Astra\com.greytip.cougar.asca\com.greytip.cougar.asca\src\main\java\com\greytip\cougar\asca\exception\repository\RepositoryNotInitializedException.java
E:\greytHR-Astra\com.greytip.cougar.asca\com.greytip.cougar.asca\src\main\java\com\greytip\cougar\asca\loader\Context.java
E:\greytHR-Astra\com.greytip.cougar.asca\com.greytip.cougar.asca\src\main\java\com\greytip\cougar\asca\utils\WinRegistryUtils.java
E:\greytHR-Astra\com.greytip.cougar.asca\com.greytip.cougar.asca\src\main\java\com\greytip\cougar\asca\service\impl\SyncCommandExecutor.java
E:\greytHR-Astra\com.greytip.cougar.asca\com.greytip.cougar.asca\src\main\java\com\greytip\cougar\asca\model\HttpProxy.java
E:\greytHR-Astra\com.greytip.cougar.asca\com.greytip.cougar.asca\src\main\java\com\greytip\cougar\asca\web\core\navigation\NavigationNode.java
E:\greytHR-Astra\com.greytip.cougar.asca\com.greytip.cougar.asca\src\main\java\com\greytip\cougar\asca\loader\mapping\InOutTransformer.java
E:\greytHR-Astra\com.greytip.cougar.asca\com.greytip.cougar.asca\src\main\java\com\greytip\cougar\asca\loader\mapping\AscaCSVWriter.java
E:\greytHR-Astra\com.greytip.cougar.asca\com.greytip.cougar.asca\src\main\java\com\greytip\cougar\asca\exception\Constants.java
E:\greytHR-Astra\com.greytip.cougar.asca\com.greytip.cougar.asca\src\main\java\com\greytip\cougar\asca\web\controller\LoginController.java
E:\greytHR-Astra\com.greytip.cougar.asca\com.greytip.cougar.asca\src\main\java\com\greytip\cougar\asca\model\CursorInfo.java
E:\greytHR-Astra\com.greytip.cougar.asca\com.greytip.cougar.asca\src\main\java\com\greytip\cougar\asca\exception\loader\IncorrectMappingException.java
E:\greytHR-Astra\com.greytip.cougar.asca\com.greytip.cougar.asca\src\main\java\com\greytip\cougar\asca\web\HttpHeader.java
E:\greytHR-Astra\com.greytip.cougar.asca\com.greytip.cougar.asca\src\main\java\com\greytip\cougar\asca\loader\mapping\InOutMapping.java
E:\greytHR-Astra\com.greytip.cougar.asca\com.greytip.cougar.asca\src\main\java\com\greytip\cougar\asca\utils\DatabaseUtils.java
E:\greytHR-Astra\com.greytip.cougar.asca\com.greytip.cougar.asca\src\main\java\com\greytip\cougar\asca\exception\repository\RepositoryInitializationException.java
E:\greytHR-Astra\com.greytip.cougar.asca\com.greytip.cougar.asca\src\main\java\com\greytip\cougar\asca\exception\web\NetProxyAuthenticationException.java
E:\greytHR-Astra\com.greytip.cougar.asca\com.greytip.cougar.asca\src\main\java\com\greytip\cougar\asca\web\core\navigation\NavType.java
E:\greytHR-Astra\com.greytip.cougar.asca\com.greytip.cougar.asca\src\main\java\com\greytip\cougar\asca\loader\mapping\MappingInfo.java
E:\greytHR-Astra\com.greytip.cougar.asca\com.greytip.cougar.asca\src\main\java\com\greytip\cougar\asca\model\Swipe.java
E:\greytHR-Astra\com.greytip.cougar.asca\com.greytip.cougar.asca\src\main\java\com\greytip\cougar\asca\exception\client\ResourceLockedException.java
E:\greytHR-Astra\com.greytip.cougar.asca\com.greytip.cougar.asca\src\main\java\com\greytip\cougar\asca\utils\RemoteRepository.java
E:\greytHR-Astra\com.greytip.cougar.asca\com.greytip.cougar.asca\src\main\java\com\greytip\cougar\asca\loader\impl\MappingSwipeLoader.java
E:\greytHR-Astra\com.greytip.cougar.asca\com.greytip.cougar.asca\src\main\java\com\greytip\cougar\asca\web\core\navigation\annotation\Navigation.java
E:\greytHR-Astra\com.greytip.cougar.asca\com.greytip.cougar.asca\src\main\java\com\greytip\cougar\asca\service\CommandExecutor.java
E:\greytHR-Astra\com.greytip.cougar.asca\com.greytip.cougar.asca\src\main\java\com\greytip\cougar\asca\exception\repository\RepositoryCommandException.java
E:\greytHR-Astra\com.greytip.cougar.asca\com.greytip.cougar.asca\src\main\java\com\greytip\cougar\asca\config\AppConfig.java
E:\greytHR-Astra\com.greytip.cougar.asca\com.greytip.cougar.asca\src\main\java\com\greytip\cougar\asca\web\RequestUtils.java
E:\greytHR-Astra\com.greytip.cougar.asca\com.greytip.cougar.asca\src\main\java\com\greytip\cougar\asca\exception\ExceptionMetadata.java
E:\greytHR-Astra\com.greytip.cougar.asca\com.greytip.cougar.asca\src\main\java\com\greytip\cougar\asca\task\CommandsFetcherTask.java
E:\greytHR-Astra\com.greytip.cougar.asca\com.greytip.cougar.asca\src\main\java\com\greytip\cougar\asca\utils\Utils.java
E:\greytHR-Astra\com.greytip.cougar.asca\com.greytip.cougar.asca\src\main\java\com\greytip\cougar\asca\loader\impl\AbstractSwipeLoader.java
E:\greytHR-Astra\com.greytip.cougar.asca\com.greytip.cougar.asca\src\main\java\com\greytip\cougar\asca\task\HistoryCleanupTask.java
E:\greytHR-Astra\com.greytip.cougar.asca\com.greytip.cougar.asca\src\main\java\com\greytip\cougar\asca\task\SwipeCollectorTask.java
E:\greytHR-Astra\com.greytip.cougar.asca\com.greytip.cougar.asca\src\main\java\com\greytip\cougar\asca\web\view\Redirect.java
E:\greytHR-Astra\com.greytip.cougar.asca\com.greytip.cougar.asca\src\main\java\com\greytip\cougar\asca\exception\RuntimeException.java
E:\greytHR-Astra\com.greytip.cougar.asca\com.greytip.cougar.asca\src\main\java\com\greytip\cougar\asca\config\MvcConfig.java
E:\greytHR-Astra\com.greytip.cougar.asca\com.greytip.cougar.asca\src\main\java\com\greytip\cougar\asca\loader\mapping\FieldMapping.java
E:\greytHR-Astra\com.greytip.cougar.asca\com.greytip.cougar.asca\src\main\java\com\greytip\cougar\asca\exception\loader\NoSuitableReaderFoundException.java
E:\greytHR-Astra\com.greytip.cougar.asca\com.greytip.cougar.asca\src\main\java\com\greytip\cougar\asca\exception\GreytipException.java
E:\greytHR-Astra\com.greytip.cougar.asca\com.greytip.cougar.asca\src\main\java\com\greytip\cougar\asca\exception\client\AccessDeniedException.java
E:\greytHR-Astra\com.greytip.cougar.asca\com.greytip.cougar.asca\src\main\java\com\greytip\cougar\asca\datapipeline\jdbc\JdbcReader.java
E:\greytHR-Astra\com.greytip.cougar.asca\com.greytip.cougar.asca\src\main\java\com\greytip\cougar\asca\config\AscaEnvironment.java
E:\greytHR-Astra\com.greytip.cougar.asca\com.greytip.cougar.asca\src\main\java\com\greytip\cougar\asca\TestSeries.java
E:\greytHR-Astra\com.greytip.cougar.asca\com.greytip.cougar.asca\src\main\java\com\greytip\cougar\asca\exception\client\OperationNotAllowedException.java
E:\greytHR-Astra\com.greytip.cougar.asca\com.greytip.cougar.asca\src\main\java\com\greytip\cougar\asca\exception\loader\MappingNotFoundException.java
E:\greytHR-Astra\com.greytip.cougar.asca\com.greytip.cougar.asca\src\main\java\com\greytip\cougar\asca\config\NavigationConfig.java
E:\greytHR-Astra\com.greytip.cougar.asca\com.greytip.cougar.asca\src\main\java\com\greytip\cougar\asca\exception\client\ResourceNotFoundException.java
E:\greytHR-Astra\com.greytip.cougar.asca\com.greytip.cougar.asca\src\main\java\com\greytip\cougar\asca\model\Configuration.java
E:\greytHR-Astra\com.greytip.cougar.asca\com.greytip.cougar.asca\src\main\java\com\greytip\cougar\asca\exception\conversion\BindExceptionConverter.java
E:\greytHR-Astra\com.greytip.cougar.asca\com.greytip.cougar.asca\src\main\java\com\greytip\cougar\asca\web\core\ExceptionResolver.java
E:\greytHR-Astra\com.greytip.cougar.asca\com.greytip.cougar.asca\src\main\java\com\greytip\cougar\asca\task\UpdateCheckerTask.java
E:\greytHR-Astra\com.greytip.cougar.asca\com.greytip.cougar.asca\src\main\java\com\greytip\cougar\asca\service\AscaManager.java
E:\greytHR-Astra\com.greytip.cougar.asca\com.greytip.cougar.asca\src\main\java\com\greytip\cougar\asca\web\controller\SettingController.java
E:\greytHR-Astra\com.greytip.cougar.asca\com.greytip.cougar.asca\src\main\java\com\greytip\cougar\asca\exception\annotation\ExceptionMetadata.java
E:\greytHR-Astra\com.greytip.cougar.asca\com.greytip.cougar.asca\src\main\java\com\greytip\cougar\asca\exception\misc\ConfigurationException.java
E:\greytHR-Astra\com.greytip.cougar.asca\com.greytip.cougar.asca\src\main\java\com\greytip\cougar\asca\exception\loader\SwipeFolderNotFoundException.java
E:\greytHR-Astra\com.greytip.cougar.asca\com.greytip.cougar.asca\src\main\java\com\greytip\cougar\asca\web\controller\LoaderSetupController.java
E:\greytHR-Astra\com.greytip.cougar.asca\com.greytip.cougar.asca\src\main\java\com\greytip\cougar\asca\utils\ApplicationServerUtils.java
E:\greytHR-Astra\com.greytip.cougar.asca\com.greytip.cougar.asca\src\main\java\com\greytip\cougar\asca\web\filter\LoginFilter.java
E:\greytHR-Astra\com.greytip.cougar.asca\com.greytip.cougar.asca\src\main\java\com\greytip\cougar\asca\loader\mapping\Field.java
E:\greytHR-Astra\com.greytip.cougar.asca\com.greytip.cougar.asca\src\main\java\com\greytip\cougar\asca\exception\loader\LoaderException.java
E:\greytHR-Astra\com.greytip.cougar.asca\com.greytip.cougar.asca\src\main\java\com\greytip\cougar\asca\misc\LockProvider.java
E:\greytHR-Astra\com.greytip.cougar.asca\com.greytip.cougar.asca\src\main\java\com\greytip\cougar\asca\exception\RequestProcessingException.java
E:\greytHR-Astra\com.greytip.cougar.asca\com.greytip.cougar.asca\src\main\java\com\greytip\cougar\asca\web\core\navigation\CirularNavigationException.java
E:\greytHR-Astra\com.greytip.cougar.asca\com.greytip.cougar.asca\src\main\java\com\greytip\cougar\asca\loader\mapping\DateTimeTransformer.java
E:\greytHR-Astra\com.greytip.cougar.asca\com.greytip.cougar.asca\src\main\java\com\greytip\cougar\asca\WebAppMain.java
E:\greytHR-Astra\com.greytip.cougar.asca\com.greytip.cougar.asca\src\main\java\com\greytip\cougar\asca\exception\conversion\CustomExceptionConverter.java
E:\greytHR-Astra\com.greytip.cougar.asca\com.greytip.cougar.asca\src\main\java\com\greytip\cougar\asca\loader\SwipeLoader.java
E:\greytHR-Astra\com.greytip.cougar.asca\com.greytip.cougar.asca\src\main\java\com\greytip\cougar\asca\LinuxMain.java
E:\greytHR-Astra\com.greytip.cougar.asca\com.greytip.cougar.asca\src\main\java\com\greytip\cougar\asca\web\core\navigation\ContainerNode.java
E:\greytHR-Astra\com.greytip.cougar.asca\com.greytip.cougar.asca\src\main\java\com\greytip\cougar\asca\exception\server\InternalServerException.java
E:\greytHR-Astra\com.greytip.cougar.asca\com.greytip.cougar.asca\src\main\java\com\greytip\cougar\asca\jackson\AESDeserializer.java
E:\greytHR-Astra\com.greytip.cougar.asca\com.greytip.cougar.asca\src\main\java\com\greytip\cougar\asca\web\view\JSONView.java
E:\greytHR-Astra\com.greytip.cougar.asca\com.greytip.cougar.asca\src\main\java\com\greytip\cougar\asca\loader\Result.java
E:\greytHR-Astra\com.greytip.cougar.asca\com.greytip.cougar.asca\src\main\java\com\greytip\cougar\asca\utils\AESUtils.java
E:\greytHR-Astra\com.greytip.cougar.asca\com.greytip.cougar.asca\src\main\java\com\greytip\cougar\asca\web\view\JSONExceptionView.java
E:\greytHR-Astra\com.greytip.cougar.asca\com.greytip.cougar.asca\src\main\java\com\greytip\cougar\asca\dao\AscaDaoImpl.java
E:\greytHR-Astra\com.greytip.cougar.asca\com.greytip.cougar.asca\src\main\java\com\greytip\cougar\asca\core\Constants.java
E:\greytHR-Astra\com.greytip.cougar.asca\com.greytip.cougar.asca\src\main\java\com\greytip\cougar\asca\exception\Exception.java
E:\greytHR-Astra\com.greytip.cougar.asca\com.greytip.cougar.asca\src\main\java\com\greytip\cougar\asca\exception\conversion\DefaultExceptionConverter.java
E:\greytHR-Astra\com.greytip.cougar.asca\com.greytip.cougar.asca\src\main\java\com\greytip\cougar\asca\jackson\JacksonUtils.java
E:\greytHR-Astra\com.greytip.cougar.asca\com.greytip.cougar.asca\src\main\java\com\greytip\cougar\asca\exception\client\InvalidInputException.java
E:\greytHR-Astra\com.greytip.cougar.asca\com.greytip.cougar.asca\src\main\java\com\greytip\cougar\asca\task\LongSweeperTask.java
E:\greytHR-Astra\com.greytip.cougar.asca\com.greytip.cougar.asca\src\main\java\com\greytip\cougar\asca\dao\AscaDao.java
